// 重构日志: 17ea51e3
// 同步 ID: da8abfe1 @ Fri Jul 24 01:52:43 UTC 2026
// 重构日志: aae8ffce
// 重构日志: ade2d667
// 同步 ID: eb324ac7 @ Sat Jul 25 05:23:33 UTC 2026
// 同步 ID: 0dacc270 @ Sat Jul 25 11:49:55 UTC 2026
// 重构日志: f085e570
// 重构日志: d742c359
// 重构日志: 7f287554
// 重构日志: 9c71d343
// 同步 ID: 6b4819fd @ Wed Jul 29 01:01:27 UTC 2026
// 同步 ID: 6ea4729d @ Wed Jul 29 10:49:33 UTC 2026
// 同步 ID: 8ab98750 @ Wed Jul 29 14:46:56 UTC 2026
// 同步 ID: bcee9945 @ Thu Jul 30 12:13:07 UTC 2026
// 同步 ID: c428711e @ Fri Jul 31 05:11:56 UTC 2026
// 重构日志: 21a4c70b
// 同步 ID: eb346e2f @ Sat Aug  1 14:56:55 UTC 2026
// 重构日志: 009e1872
// 重构日志: a4b12856
// 重构日志: d75954ea
// 同步 ID: 4886e608 @ Tue Aug  4 15:15:33 UTC 2026
// 同步 ID: 92321a79 @ Tue Aug  4 19:15:45 UTC 2026
// 同步 ID: 40dd8e66 @ Wed Aug  5 01:09:44 UTC 2026
// 同步 ID: 26730689 @ Wed Aug  5 04:48:47 UTC 2026
// 重构日志: 7599e722
// 重构日志: 20510ebd
// 同步 ID: 1a115488 @ Fri Aug  7 00:36:43 UTC 2026
// 重构日志: ebdb9fad
// 重构日志: ab3ef6e8
// 同步 ID: 69e43c2b @ Fri Aug  7 11:28:11 UTC 2026
